// Vitest Snapshot v1, https://vitest.dev/guide/snapshot.html

exports[`nation gold per minute > world map, impossible nations, 20 minutes 1`] = `
{
  "aliveNations": 34,
  "perMinute": [
    {
      "cities": 0,
      "factories": 0,
      "minute": 1,
      "ports": 0,
      "shipsArrived": 0,
      "tradeGold": 0,
      "tradeShipsAtSea": 0,
      "trainGold": 0,
      "trainStops": 0,
      "trainsRunning": 0,
    },
    {
      "cities": 0,
      "factories": 0,
      "minute": 2,
      "ports": 0,
      "shipsArrived": 0,
      "tradeGold": 0,
      "tradeShipsAtSea": 0,
      "trainGold": 0,
      "trainStops": 0,
      "trainsRunning": 0,
    },
    {
      "cities": 61,
      "factories": 0,
      "minute": 3,
      "ports": 0,
      "shipsArrived": 0,
      "tradeGold": 0,
      "tradeShipsAtSea": 0,
      "trainGold": 0,
      "trainStops": 0,
      "trainsRunning": 0,
    },
    {
      "cities": 61,
      "factories": 0,
      "minute": 4,
      "ports": 2,
      "shipsArrived": 0,
      "tradeGold": 0,
      "tradeShipsAtSea": 0,
      "trainGold": 0,
      "trainStops": 0,
      "trainsRunning": 0,
    },
    {
      "cities": 63,
      "factories": 0,
      "minute": 5,
      "ports": 4,
      "shipsArrived": 0,
      "tradeGold": 0,
      "tradeShipsAtSea": 12,
      "trainGold": 0,
      "trainStops": 0,
      "trainsRunning": 0,
    },
    {
      "cities": 66,
      "factories": 0,
      "minute": 6,
      "ports": 8,
      "shipsArrived": 4,
      "tradeGold": 779000,
      "tradeShipsAtSea": 34,
      "trainGold": 0,
      "trainStops": 0,
      "trainsRunning": 0,
    },
    {
      "cities": 73,
      "factories": 2,
      "minute": 7,
      "ports": 13,
      "shipsArrived": 18,
      "tradeGold": 3905000,
      "tradeShipsAtSea": 68,
      "trainGold": 0,
      "trainStops": 0,
      "trainsRunning": 7,
    },
    {
      "cities": 81,
      "factories": 4,
      "minute": 8,
      "ports": 19,
      "shipsArrived": 41,
      "tradeGold": 8242000,
      "tradeShipsAtSea": 111,
      "trainGold": 190000,
      "trainStops": 11,
      "trainsRunning": 7,
    },
    {
      "cities": 89,
      "factories": 6,
      "minute": 9,
      "ports": 25,
      "shipsArrived": 57,
      "tradeGold": 12250000,
      "tradeShipsAtSea": 154,
      "trainGold": 460000,
      "trainStops": 22,
      "trainsRunning": 21,
    },
    {
      "cities": 101,
      "factories": 7,
      "minute": 10,
      "ports": 33,
      "shipsArrived": 71,
      "tradeGold": 17560000,
      "tradeShipsAtSea": 177,
      "trainGold": 1550000,
      "trainStops": 41,
      "trainsRunning": 28,
    },
    {
      "cities": 110,
      "factories": 10,
      "minute": 11,
      "ports": 39,
      "shipsArrived": 83,
      "tradeGold": 20130000,
      "tradeShipsAtSea": 218,
      "trainGold": 1880000,
      "trainStops": 50,
      "trainsRunning": 42,
    },
    {
      "cities": 123,
      "factories": 12,
      "minute": 12,
      "ports": 49,
      "shipsArrived": 99,
      "tradeGold": 24250000,
      "tradeShipsAtSea": 256,
      "trainGold": 4670000,
      "trainStops": 121,
      "trainsRunning": 56,
    },
    {
      "cities": 136,
      "factories": 18,
      "minute": 13,
      "ports": 60,
      "shipsArrived": 116,
      "tradeGold": 27900000,
      "tradeShipsAtSea": 286,
      "trainGold": 6920000,
      "trainStops": 139,
      "trainsRunning": 133,
    },
    {
      "cities": 136,
      "factories": 19,
      "minute": 14,
      "ports": 62,
      "shipsArrived": 145,
      "tradeGold": 34080000,
      "tradeShipsAtSea": 294,
      "trainGold": 10890000,
      "trainStops": 232,
      "trainsRunning": 147,
    },
    {
      "cities": 144,
      "factories": 23,
      "minute": 15,
      "ports": 67,
      "shipsArrived": 148,
      "tradeGold": 37270000,
      "tradeShipsAtSea": 304,
      "trainGold": 9430000,
      "trainStops": 226,
      "trainsRunning": 105,
    },
    {
      "cities": 150,
      "factories": 25,
      "minute": 16,
      "ports": 74,
      "shipsArrived": 170,
      "tradeGold": 41750000,
      "tradeShipsAtSea": 297,
      "trainGold": 9065000,
      "trainStops": 224,
      "trainsRunning": 119,
    },
    {
      "cities": 155,
      "factories": 29,
      "minute": 17,
      "ports": 81,
      "shipsArrived": 160,
      "tradeGold": 37410000,
      "tradeShipsAtSea": 316,
      "trainGold": 11560000,
      "trainStops": 306,
      "trainsRunning": 91,
    },
    {
      "cities": 157,
      "factories": 31,
      "minute": 18,
      "ports": 85,
      "shipsArrived": 158,
      "tradeGold": 38200000,
      "tradeShipsAtSea": 338,
      "trainGold": 11360000,
      "trainStops": 299,
      "trainsRunning": 112,
    },
    {
      "cities": 158,
      "factories": 31,
      "minute": 19,
      "ports": 90,
      "shipsArrived": 179,
      "tradeGold": 44940000,
      "tradeShipsAtSea": 340,
      "trainGold": 8180000,
      "trainStops": 209,
      "trainsRunning": 119,
    },
    {
      "cities": 162,
      "factories": 35,
      "minute": 20,
      "ports": 91,
      "shipsArrived": 184,
      "tradeGold": 45220000,
      "tradeShipsAtSea": 374,
      "trainGold": 12620000,
      "trainStops": 299,
      "trainsRunning": 105,
    },
  ],
  "totals": {
    "shipsArrived": 1633,
    "tradeGold": 393900000,
    "trainGold": 88770000,
    "trainStops": 2179,
  },
}
`;
