// Vitest Snapshot v1, https://vitest.dev/guide/snapshot.html

exports[`nation gold per minute > world map, impossible nations, 20 minutes 1`] = `
{
  "aliveNations": 23,
  "perMinute": [
    {
      "cities": 0,
      "factories": 0,
      "minute": 1,
      "ports": 0,
      "shipsArrived": 0,
      "tradeGold": 0,
      "tradeShipsAtSea": 0,
      "trainGold": 0,
      "trainStops": 0,
      "trainsRunning": 0,
    },
    {
      "cities": 1,
      "factories": 0,
      "minute": 2,
      "ports": 0,
      "shipsArrived": 0,
      "tradeGold": 0,
      "tradeShipsAtSea": 0,
      "trainGold": 0,
      "trainStops": 0,
      "trainsRunning": 0,
    },
    {
      "cities": 60,
      "factories": 0,
      "minute": 3,
      "ports": 0,
      "shipsArrived": 0,
      "tradeGold": 0,
      "tradeShipsAtSea": 0,
      "trainGold": 0,
      "trainStops": 0,
      "trainsRunning": 0,
    },
    {
      "cities": 60,
      "factories": 0,
      "minute": 4,
      "ports": 2,
      "shipsArrived": 0,
      "tradeGold": 0,
      "tradeShipsAtSea": 0,
      "trainGold": 0,
      "trainStops": 0,
      "trainsRunning": 0,
    },
    {
      "cities": 61,
      "factories": 0,
      "minute": 5,
      "ports": 10,
      "shipsArrived": 2,
      "tradeGold": 32380,
      "tradeShipsAtSea": 20,
      "trainGold": 0,
      "trainStops": 0,
      "trainsRunning": 0,
    },
    {
      "cities": 67,
      "factories": 1,
      "minute": 6,
      "ports": 16,
      "shipsArrived": 10,
      "tradeGold": 1343000,
      "tradeShipsAtSea": 74,
      "trainGold": 20000,
      "trainStops": 2,
      "trainsRunning": 0,
    },
    {
      "cities": 74,
      "factories": 2,
      "minute": 7,
      "ports": 27,
      "shipsArrived": 53,
      "tradeGold": 10240000,
      "tradeShipsAtSea": 121,
      "trainGold": 90000,
      "trainStops": 3,
      "trainsRunning": 0,
    },
    {
      "cities": 86,
      "factories": 5,
      "minute": 8,
      "ports": 35,
      "shipsArrived": 89,
      "tradeGold": 18180000,
      "tradeShipsAtSea": 160,
      "trainGold": 740000,
      "trainStops": 20,
      "trainsRunning": 14,
    },
    {
      "cities": 96,
      "factories": 9,
      "minute": 9,
      "ports": 44,
      "shipsArrived": 101,
      "tradeGold": 20350000,
      "tradeShipsAtSea": 227,
      "trainGold": 1920000,
      "trainStops": 56,
      "trainsRunning": 28,
    },
    {
      "cities": 106,
      "factories": 12,
      "minute": 10,
      "ports": 51,
      "shipsArrived": 140,
      "tradeGold": 29950000,
      "tradeShipsAtSea": 253,
      "trainGold": 1640000,
      "trainStops": 50,
      "trainsRunning": 56,
    },
    {
      "cities": 115,
      "factories": 17,
      "minute": 11,
      "ports": 54,
      "shipsArrived": 151,
      "tradeGold": 33250000,
      "tradeShipsAtSea": 269,
      "trainGold": 4410000,
      "trainStops": 123,
      "trainsRunning": 70,
    },
    {
      "cities": 123,
      "factories": 17,
      "minute": 12,
      "ports": 60,
      "shipsArrived": 173,
      "tradeGold": 39820000,
      "tradeShipsAtSea": 271,
      "trainGold": 6870000,
      "trainStops": 157,
      "trainsRunning": 77,
    },
    {
      "cities": 129,
      "factories": 21,
      "minute": 13,
      "ports": 69,
      "shipsArrived": 177,
      "tradeGold": 38450000,
      "tradeShipsAtSea": 288,
      "trainGold": 7850000,
      "trainStops": 190,
      "trainsRunning": 154,
    },
    {
      "cities": 132,
      "factories": 23,
      "minute": 14,
      "ports": 74,
      "shipsArrived": 169,
      "tradeGold": 39120000,
      "tradeShipsAtSea": 295,
      "trainGold": 10900000,
      "trainStops": 251,
      "trainsRunning": 98,
    },
    {
      "cities": 140,
      "factories": 27,
      "minute": 15,
      "ports": 80,
      "shipsArrived": 167,
      "tradeGold": 39800000,
      "tradeShipsAtSea": 297,
      "trainGold": 9950000,
      "trainStops": 223,
      "trainsRunning": 126,
    },
    {
      "cities": 144,
      "factories": 29,
      "minute": 16,
      "ports": 86,
      "shipsArrived": 163,
      "tradeGold": 38880000,
      "tradeShipsAtSea": 315,
      "trainGold": 15030000,
      "trainStops": 327,
      "trainsRunning": 119,
    },
    {
      "cities": 147,
      "factories": 32,
      "minute": 17,
      "ports": 88,
      "shipsArrived": 169,
      "tradeGold": 40040000,
      "tradeShipsAtSea": 334,
      "trainGold": 10410000,
      "trainStops": 252,
      "trainsRunning": 126,
    },
    {
      "cities": 149,
      "factories": 34,
      "minute": 18,
      "ports": 87,
      "shipsArrived": 172,
      "tradeGold": 40820000,
      "tradeShipsAtSea": 310,
      "trainGold": 12550000,
      "trainStops": 313,
      "trainsRunning": 56,
    },
    {
      "cities": 144,
      "factories": 34,
      "minute": 19,
      "ports": 84,
      "shipsArrived": 178,
      "tradeGold": 42360000,
      "tradeShipsAtSea": 341,
      "trainGold": 6630000,
      "trainStops": 197,
      "trainsRunning": 105,
    },
    {
      "cities": 148,
      "factories": 37,
      "minute": 20,
      "ports": 85,
      "shipsArrived": 202,
      "tradeGold": 43270000,
      "tradeShipsAtSea": 356,
      "trainGold": 10590000,
      "trainStops": 229,
      "trainsRunning": 70,
    },
  ],
  "totals": {
    "shipsArrived": 2116,
    "tradeGold": 475900000,
    "trainGold": 99590000,
    "trainStops": 2393,
  },
}
`;
