// Vitest Snapshot v1, https://vitest.dev/guide/snapshot.html

exports[`nation gold per minute > world map, impossible nations, 20 minutes 1`] = `
{
  "aliveNations": 30,
  "perMinute": [
    {
      "cities": 0,
      "factories": 0,
      "minute": 1,
      "ports": 0,
      "shipsArrived": 0,
      "tradeGold": 0,
      "tradeShipsAtSea": 0,
      "trainGold": 0,
      "trainStops": 0,
      "trainsRunning": 0,
    },
    {
      "cities": 0,
      "factories": 0,
      "minute": 2,
      "ports": 0,
      "shipsArrived": 0,
      "tradeGold": 0,
      "tradeShipsAtSea": 0,
      "trainGold": 0,
      "trainStops": 0,
      "trainsRunning": 0,
    },
    {
      "cities": 61,
      "factories": 0,
      "minute": 3,
      "ports": 0,
      "shipsArrived": 0,
      "tradeGold": 0,
      "tradeShipsAtSea": 0,
      "trainGold": 0,
      "trainStops": 0,
      "trainsRunning": 0,
    },
    {
      "cities": 61,
      "factories": 0,
      "minute": 4,
      "ports": 2,
      "shipsArrived": 0,
      "tradeGold": 0,
      "tradeShipsAtSea": 0,
      "trainGold": 0,
      "trainStops": 0,
      "trainsRunning": 0,
    },
    {
      "cities": 63,
      "factories": 0,
      "minute": 5,
      "ports": 5,
      "shipsArrived": 0,
      "tradeGold": 0,
      "tradeShipsAtSea": 13,
      "trainGold": 0,
      "trainStops": 0,
      "trainsRunning": 0,
    },
    {
      "cities": 66,
      "factories": 2,
      "minute": 6,
      "ports": 6,
      "shipsArrived": 5,
      "tradeGold": 959200,
      "tradeShipsAtSea": 39,
      "trainGold": 0,
      "trainStops": 0,
      "trainsRunning": 0,
    },
    {
      "cities": 73,
      "factories": 4,
      "minute": 7,
      "ports": 15,
      "shipsArrived": 18,
      "tradeGold": 4118000,
      "tradeShipsAtSea": 70,
      "trainGold": 700000,
      "trainStops": 14,
      "trainsRunning": 0,
    },
    {
      "cities": 78,
      "factories": 6,
      "minute": 8,
      "ports": 18,
      "shipsArrived": 30,
      "tradeGold": 6757000,
      "tradeShipsAtSea": 121,
      "trainGold": 1030000,
      "trainStops": 31,
      "trainsRunning": 7,
    },
    {
      "cities": 88,
      "factories": 8,
      "minute": 9,
      "ports": 26,
      "shipsArrived": 59,
      "tradeGold": 13120000,
      "tradeShipsAtSea": 157,
      "trainGold": 2100000,
      "trainStops": 52,
      "trainsRunning": 35,
    },
    {
      "cities": 101,
      "factories": 10,
      "minute": 10,
      "ports": 31,
      "shipsArrived": 81,
      "tradeGold": 19260000,
      "tradeShipsAtSea": 189,
      "trainGold": 2340000,
      "trainStops": 64,
      "trainsRunning": 35,
    },
    {
      "cities": 117,
      "factories": 14,
      "minute": 11,
      "ports": 38,
      "shipsArrived": 108,
      "tradeGold": 25630000,
      "tradeShipsAtSea": 203,
      "trainGold": 2390000,
      "trainStops": 69,
      "trainsRunning": 56,
    },
    {
      "cities": 128,
      "factories": 21,
      "minute": 12,
      "ports": 48,
      "shipsArrived": 104,
      "tradeGold": 22460000,
      "tradeShipsAtSea": 234,
      "trainGold": 5010000,
      "trainStops": 121,
      "trainsRunning": 105,
    },
    {
      "cities": 133,
      "factories": 25,
      "minute": 13,
      "ports": 59,
      "shipsArrived": 120,
      "tradeGold": 26960000,
      "tradeShipsAtSea": 272,
      "trainGold": 11650000,
      "trainStops": 246,
      "trainsRunning": 98,
    },
    {
      "cities": 139,
      "factories": 27,
      "minute": 14,
      "ports": 64,
      "shipsArrived": 151,
      "tradeGold": 34140000,
      "tradeShipsAtSea": 290,
      "trainGold": 7710000,
      "trainStops": 187,
      "trainsRunning": 133,
    },
    {
      "cities": 144,
      "factories": 29,
      "minute": 15,
      "ports": 70,
      "shipsArrived": 155,
      "tradeGold": 35230000,
      "tradeShipsAtSea": 307,
      "trainGold": 10970000,
      "trainStops": 236,
      "trainsRunning": 147,
    },
    {
      "cities": 147,
      "factories": 33,
      "minute": 16,
      "ports": 78,
      "shipsArrived": 181,
      "tradeGold": 41670000,
      "tradeShipsAtSea": 301,
      "trainGold": 12470000,
      "trainStops": 273,
      "trainsRunning": 189,
    },
    {
      "cities": 145,
      "factories": 33,
      "minute": 17,
      "ports": 82,
      "shipsArrived": 171,
      "tradeGold": 37420000,
      "tradeShipsAtSea": 307,
      "trainGold": 16820000,
      "trainStops": 355,
      "trainsRunning": 224,
    },
    {
      "cities": 143,
      "factories": 32,
      "minute": 18,
      "ports": 83,
      "shipsArrived": 155,
      "tradeGold": 37600000,
      "tradeShipsAtSea": 334,
      "trainGold": 15390000,
      "trainStops": 355,
      "trainsRunning": 105,
    },
    {
      "cities": 143,
      "factories": 31,
      "minute": 19,
      "ports": 79,
      "shipsArrived": 175,
      "tradeGold": 39340000,
      "tradeShipsAtSea": 304,
      "trainGold": 10240000,
      "trainStops": 268,
      "trainsRunning": 105,
    },
    {
      "cities": 145,
      "factories": 32,
      "minute": 20,
      "ports": 82,
      "shipsArrived": 143,
      "tradeGold": 33900000,
      "tradeShipsAtSea": 350,
      "trainGold": 9940000,
      "trainStops": 254,
      "trainsRunning": 147,
    },
  ],
  "totals": {
    "shipsArrived": 1656,
    "tradeGold": 378600000,
    "trainGold": 108800000,
    "trainStops": 2525,
  },
}
`;
